carregando modelo medium...

===== 0:01 (reouvido do 00:00) =====
   A corrida do processador.
   É, o coração.
   Quer dizer, a base física de tudo na tecnologia, né?
   Exato.
   E assim, imagina só o seguinte cenário.
   A gente chegou ali no ano de 1997.
   O computador pessoal já venceu.
   Já está na mesa de quase toda casa de todo escritório.
   Já dominou tudo.
   Pois é.
   As máquinas já estão ligadas em rede, conversando umas com as outras.
   E o sistema operacional já está lá, pronto, rodando liso.
   Grande síndico da máquina.
   Isso.
   Então fica aquela pergunta enorme no ar, né?
   Se a máquina já está espalhada pelo mundo, já fala com as outras,
   o que é que ainda falta para ela conseguir fazer aquilo
   que a gente não sabe escrever no código?
   É, essa é a grande questão.
   E a resposta...

===== 5:12 (reouvido do 05:07) =====
   Divisão com vírgula.
   Falhava ali depois da quarta casa desse mal.
   Faltavam cinco entradas, cinco transistores
   numa tabela física que era gravada no chip.
   Nossa! E a notícia vazou na internet,
   que estava engatinhando na época?
   A Intel já sabia, mas tentou abafar.
   Aí o presidente da empresa teve que entrar na roda.
   Olha ele aqui.
   Ficha Andy Grove, nascido em 1936.
   Tinha 58 anos. Morreu em 2016.
   O Grove bateu o pé e disse que ninguém
   ia notar esse erro no dia a dia.
   Só que a IBM parou de vender os computadores com o Pentium.
   Foi um knockout.
   Aí, em 20 de dezembro, ele jogou a toalha
   e aceitou trocar tudo.
   Custou 400...

===== 8:51 (reouvido do 08:46) =====
   Em 1961, tinha 37 anos, vivo em 2026.
   O Mayer desenhou o lendário chip Alpha
   e aí ele criou o cassette conhecido como Atlon, em agosto de 1999.
   E eles cravam um marco histórico.
   Em 6 de março de 2000, a AMD lança o primeiro chip comercial de 1 GHz,
   1 milhão de batidas por segundo.
   A Intel entrou em pânico total, respondeu em dois dias.
   E no fim do ano, em 20 de novembro de 2000, eles lançaram o Pentium 4.
   E mudaram a lógica.
   Lá no nosso mercado, eles esticaram a fila do caixa de 10 para 20 passos.
   Como cada passo faz menos coisa, o relógio pode bater...

===== 9:02 (reouvido do 08:57) =====
   conhecido como Atlon, em agosto de 1999.
   E eles cravam um marco histórico.
   Em 6 de março de 2000, a AMD lança o primeiro chip comercial de 1 GHz,
   1 milhão de batidas por segundo.
   A Intel entrou em pânico total, respondeu em dois dias.
   E no fim do ano, em 20 de novembro de 2000, eles lançaram o Pentium 4.
   E mudaram a lógica.
   Lá no nosso mercado, eles esticaram a fila do caixa,
   de 10 para 20 passos.
   Como cada passo faz menos coisa, o relógio pode bater absurdamente rápido.
   Saiu a 1,4 GHz e a 1,5 GHz.
   Fazia menos trabalho por batida, mas o número era alto.
   A Intel chegou a promessar.

===== 13:29 (reouvido do 13:24) =====
   fosse escrito em paralelo.
   E a Intel troca o comando.
   Sim, a ficha dele.
   Ficha Paulo Otellini, nascido em 1950, tinha 54 anos, morreu em 2017.
   Otellini lança o Pentium D em 25 de maio de 2005.
   A AMD responde em 31 de maio com o Atlan 64X2.
   No nosso supermercado, é como ter dois mercados inteiros lado a lado,
   dividindo o estoque lá no fundo.
   Você põe um programa no mercado e outro no outro, tranquilo.
   Mas para um programa só usar os dois mercados,
   o programador humano é que tem que fatiar o trabalho.
   A lei de Moore continuou.
   Os transistores vieram aos montes.
   Mas vieram em formato de múltiplos núcleos.
