carregando modelo medium...

===== 0:49 (reouvido do 00:44) =====
   É que pintar uma tela assim exige um volume de matemática
   que é quase punitivo para um cérebro que trabalha em fila única.
   Pensa numa tela de 1996.
   Aquela de tubo, né?
   Isso.
   A resolução padrão era de 640 por 480 pontos.
   Se a gente multiplica, isso dá 307 mil pontos.
   307 mil, tá.
   E para dar aquela ilusão de movimento,
   o computador repinta essa tela 30 vezes por segundo.
   Caramba!
   Se multiplicar de novo, são 9 milhões de pontos por segundo.
   9 milhões!
   E a questão é que a conta matemática é rigorosamente a mesma em todos os pontos.
   Ah, entendi.
   E o processador principal faz uma continha por vez.

===== 3:16 (reouvido do 03:11) =====
   No Canadá, K.I. Hull funda a empresa ATI, com mais dois engenheiros.
   K.I. Hull, nascido em 1950, tinha 35 anos, vivo em 2026.
   E o detalhe é que a ATI começou fazendo justamente essas placas mais simples, né?
   Focadas nos clones da IBM, né?
   Isso. A indústria de hardware nem sonhava com três dimensões ainda.
   Quem começou a gritar por isso foi a galera do software.
   É, os estúdios de jogos. Porque em dezembro de 1993 sai o jogo Doom.
   Aquele clássico.
   Feito pelo John Carmack.
   John Carmack, nascido em 1970, tinha 23 anos, vivo em 2026.
   Mas me tira uma dúvida, tipo, como que um processador 380...

===== 13:09 (reouvido do 13:04) =====
   É o dia em que a fabricante de processadores, a AMD, comprou a fabricante de placas ATI.
   Um negócio de 5 bilhões e 400 bilhões de dólares.
   Dinheiro expesado.
   E rolou exatamente na mesma semana do lançamento daquele processador Core 2 Duo.
   Pois é, e as mentes por trás desse casamento foram o Hector Ruiz e o Dave Orton.
   Hector Ruiz, nascido em 1945, tinha 60 anos, vivo em 2026.
   Dave Orton, nascido em 1955, tinha 51 anos, vivo em 2026.
   E qual era o plano deles com essa compra?
   O projeto chamava Fusion.
   A AMD olhou o cenário, viu que o processador não ganhava mais relógio por causa do calor
   e concluiu.
   A gente precisa da placa de vi...

===== 14:02 (reouvido do 13:57) =====
   contra a NVIDIA na placa de vídeo, sim, apostando que as duas tecnologias de
   cálculo iam se fundir no futuro. Para ver o tamanho do monstro de silício que a
   concorrência soltou meses depois, aperte o próximo. Em 8 de novembro de 2006, a
   NVIDIA lança GeForce 8800. 8800, um monstro! Literalmente, ela
   tinha 681 milhões de transistores, mais do que o dobro da densidade do
   processador principal topo de linha. E a mudança interna foi drástica.
   Antes, lembra que os pintores eram divididos? Um grupo só armava a
   geometria e outro só passava a cor. Isso. O problema é que às vezes um
   grupo ficava ocioso enquanto o outro estava sufocado. A GeForce 8800
   derrubou as paredes...

===== 16:48 (reouvido do 16:43) =====
   para o desenvolvedor e, no fim, abriu a placa inteira para a ciência.
   E o Ruiz e o Orton juntaram o cérebro central e a placa no mesmo pacote físico.
   E o mais doido é que ninguém planejou essa jornada inteira desde o início, sabe?
   Sim.
   Uma peça que nasceu puramente para rodar jogo tridimensional
   acabou virando o pilar da era moderna simplesmente porque o software,
   ao longo das décadas, foi lá e exigiu isso dela.
   É incrível.
   A gente termina com um mundo tendo em mãos uma máquina baratíssima
   para fazer milhões de contas matemáticas repetidas ao mesmo tempo.
   Mas isso deixa a gente com uma provocação enorme para o nosso próximo encontro.
   Será que existe aí no mundo algum problema super complexo
   que a gente não sabe como...
