carregando modelo medium...

===== 3:59 (reouvido do 03:54) =====
   hardware, lia e encontrava o que podia ser feito ao mesmo tempo,
   foi um almoço grátis, gigante para o software. Aperta o próximo.
   Só que esse presente da engenharia veio com um defeito escondido.
   Lá em 1994, um professor de matemática de Lynchburg, na Virgília...
   O Thomas Nicely.
   Esse mesmo. Thomas Nicely, nascido em 1943, 51 anos na época,
   falecido em 2019, ele estava forçando o Pentium ao limite
   com umas divisões super complexas, e acabou achando um erro matemático
   lá longe, na quinta casa decimal.
   Espera aí, um erro físico gravado no silício, como se fosse um bang de software.
   Pois é. Faltavam só cinco entradas numa tabela física que estava literalmente gravada no...

===== 7:01 (reouvido do 06:56) =====
   mágica multimídia do MMX de Israel.
   Uma máquina incrível.
   Aperte o próximo.
   Mas olha, a Intel nunca pôde correr sozinha e tranquila.
   Tinha uma pedra eterna no sapato deles, que era a AMD.
   A empresa fundada pelo Jerry Sanders lá no passado?
   Isso, o Jerry Sanders, nascido em 1936,
   32 anos na fundação, em 1969,
   falecido em 2024.
   A AMD começou operando como uma segunda fonte, né?
   Só fabricando chips que outros desenhavam.
   Aham.
   E a culpa de colocar a AMD nessa briga foi da IBM.
   Quando eles desenharam o primeiro PC,
   eles exigiram que toda peça tivesse dois fabricantes diferentes.
   Medo de faltar peça no mercado.
   Exato.

===== 9:05 (reouvido do 09:00) =====
   A AMD trouxe o Dirk Meyer.
   Dirk Meyer, nascido em 1961, 37 anos na época, vivo hoje.
   Ele veio lá da empresa DEC e liderou a criação do formidável Eflon.
   O Eflon virou uma lenda.
   Fez história.
   Em março do ano 2000, eles atingiram a marca de 1 GHz.
   Um bilhão de batidas por segundo.
   E o tapa na cara foi que eles conseguiram isso meros dois dias antes da Intel.
   Imagina o terremoto lá nos escritórios da Intel.
   Para dar o troco na guerra dos números, no final daquele ano, eles lançaram o Pentium 4.
   Que foi um chip totalmente construído para raipar a velocidade do relógio, né?
   Totalmente.
   Sabe a analogia da nossa fila do supermercado de 10 passos?

===== 13:06 (reouvido do 13:01) =====
   O vazamento de corrente ficou insustentável.
   Insustentável.
   A Intel simplesmente cancelou todos os projetos dos sucessores,
   que rodariam a 4 e 7 GHz.
   Eles pararam definitivamente em 3 GHz e 800 MHz.
   A corrida cega do relógio morreu ali.
   Só que, ironicamente, a solução para eles não veio da matriz na Califórnia.
   Veio lá do refúgio em Haifa.
   A equipe do Muli Eden, em Israel.
   Em 2013, eles tinham desenhado o Pentium M,
   que era um chip focado em Outbooks, onde a bateria era a prioridade.
   Eles não estavam nem aí para os MHz na caixa, né?
   Zero preocupação com isso. Eles encurtaram a fila de processamento
   e o chip desligava de...

===== 14:31 (reouvido do 14:26) =====
   Intel, em maio de 2005, quando entrou o novo presidente.
   O Paul Attellini.
   Paul Attellini, nascido em 1955, 54 anos na época, falecido em 2017.
   Ele subiu logo depois dos cronos dos chips e empurrou a indústria para a era dos núcleos
   duplos, né?
   Sim.
   Então, rapidamente lançou o Pentium D e a AMD trouxe o Atlon 64 X2.
   Só que isso devolveu o problema para o colo do programador, né?
   Aperte o próximo.
   Um pesadelo de engenharia para o software.
   Pensa na nossa analogia.
   Agora a gente não tinha só um caixa mais rápido.
   A gente tinha dois supermercados inteiros lado a lado.
   E o drama era que eles dividiam o mesmo estoque lá atrás, que era a memória.
   Um programa antigo entrava em um supermercado.
   Exato.
   E o outro ficava com...
